INFO    : Building target web
INFO    : XSL conversion of /home/ryuhei/classes/linearalgebra-pretext/new-pretext-project/source/main.ptx by /home/ryuhei/.ptx/2.38.1/core/xsl/utilities/pretext-enhanced-source.xsl
INFO    : successful application of /home/ryuhei/.ptx/2.38.1/core/xsl/utilities/pretext-enhanced-source.xsl
INFO    : Generating any needed assets.
INFO    : Finished generating assets.

INFO    : Preparing to build into /home/ryuhei/classes/linearalgebra-pretext/new-pretext-project/output/web.
INFO    : discovering source file's directory name: /home/ryuhei/classes/linearalgebra-pretext/new-pretext-project/source
INFO    : verifying and expanding input directory: /home/ryuhei/classes/linearalgebra-pretext/new-pretext-project/source/../generated-assets
INFO    : input directory expanded to absolute path: /home/ryuhei/classes/linearalgebra-pretext/new-pretext-project/generated-assets
INFO    : verifying and expanding input directory: /home/ryuhei/classes/linearalgebra-pretext/new-pretext-project/source/../assets
INFO    : input directory expanded to absolute path: /home/ryuhei/classes/linearalgebra-pretext/new-pretext-project/assets
INFO    : XSL conversion of /home/ryuhei/classes/linearalgebra-pretext/new-pretext-project/source/main.ptx by /home/ryuhei/.ptx/2.38.1/core/xsl/utilities/report-publisher-variables.xsl
INFO    : successful application of /home/ryuhei/.ptx/2.38.1/core/xsl/utilities/report-publisher-variables.xsl
INFO    : Downloading rs services file from https://runestone.academy/cdn/runestone/latest/webpack_static_imports.xml.
INFO    : Runestone Services via online CDN query: version 7.13.1
INFO    : Downloading Runestone Services, version 7.13.1
INFO    : Extracting Runestone Services from archive file
INFO    : Building custom css theme: theme-default-modern
INFO    : converting /home/ryuhei/classes/linearalgebra-pretext/new-pretext-project/source/main.ptx to HTML in /tmp/ptx-qy8gvgzd
INFO    : XSL conversion of /home/ryuhei/classes/linearalgebra-pretext/new-pretext-project/source/main.ptx by /home/ryuhei/.ptx/2.38.1/core/xsl/pretext-html.xsl
INFO    : messages from the log for XSL processing:
WARNING : * PTX:WARNING: could not translate string with id "frontmatter" into language for code ""
INFO    : * PTX:INFO:   checking all deprecated elements.
WARNING : * PTX:WARNING: could not translate string with id "colophon" into language for code ""
WARNING : * PTX:WARNING: could not translate string with id "section" into language for code ""
WARNING : * PTX:WARNING: could not translate string with id "permalink-tooltip" into language for code ""
WARNING : * PTX:WARNING: could not translate string with id "book" into language for code ""
WARNING : * PTX:WARNING: could not translate string with id "evaluate" into language for code ""
WARNING : * PTX:WARNING: could not translate string with id "skip-to-content" into language for code ""
WARNING : * PTX:WARNING: could not translate string with id "toc" into language for code ""
WARNING : * PTX:WARNING: could not translate string with id "search-results-heading" into language for code ""
WARNING : * PTX:WARNING: could not translate string with id "no-search-results" into language for code ""
WARNING : * PTX:WARNING: could not translate string with id "previous-short" into language for code ""
WARNING : * PTX:WARNING: could not translate string with id "up-short" into language for code ""
WARNING : * PTX:WARNING: could not translate string with id "next" into language for code ""
WARNING : * PTX:WARNING: could not translate string with id "next-short" into language for code ""
WARNING : * PTX:WARNING: could not translate string with id "previous" into language for code ""
WARNING : * PTX:WARNING: could not translate string with id "up" into language for code ""
WARNING : * PTX:WARNING: could not translate string with id "website" into language for code ""
WARNING : * PTX:WARNING: could not translate string with id "chapter" into language for code ""
WARNING : * PTX:WARNING: could not translate string with id "p" into language for code ""
WARNING : * PTX:WARNING: could not translate string with id "backmatter" into language for code ""
INFO    : successful application of /home/ryuhei/.ptx/2.38.1/core/xsl/pretext-html.xsl
INFO    : Removing temporary directory /tmp/ptx-qy8gvgzd
INFO    : Removing temporary directory /tmp/ptx-bbp9t4v8
INFO    : 
Finished build for target web. Run `pretext view web` to see the results.

INFO    : 
Success!  Built requested target(s) without errors.

INFO    : 
